// Jest Snapshot v1, https://goo.gl/fbAQLP

exports[`App.js Snapshot test should maintain App file snapsjot 1`] = `
<div
  data-testid="app"
>
  <div
    className="home_page"
    data-testid="Home_Page"
  >
    <div
      className="content_wrappers"
    >
      <div
        className="token_items"
      >
        <div
          className="main-card"
          data-testid="card"
        >
          <div
            className="card_header"
          >
            <img
              alt="weather"
              src="https://lh3.googleusercontent.com/_-2AG1-bHA1RgCSOZu7_wl2WX9LdD0dQk1kaxug56ZP5V_pKTeVUfXO_NPZtDtB6LLloQ84MmBQUsHStEMyVVpWQ5YGxQ_ssy6r5Sg=s250"
            />
            <div
              className="views"
            >
              <span
                data-testid="navigate"
                onClick={[Function]}
              >
                View
              </span>
            </div>
          </div>
          <div
            className="card_body"
          >
            <h1>
              The Hundreds Official Adam Bomb Squad NFT Collectibles
            </h1>
            <div
              className="left-right"
            >
              <p>
                by 
                Adam Bomb Squad
                 
              </p>
              <p>
                USD $
                1.002
              </p>
            </div>
          </div>
        </div>
        <div
          className="main-card"
          data-testid="card"
        >
          <div
            className="card_header"
          >
            <img
              alt="weather"
              src="https://i.seadn.io/gae/EdOCwOuKL1kIDZ_RbgGInrobNZn1uou7esXfaefbtxJfttG5yK-T3ujhIyyk8AAWGh1Pbfg82-WJQXoX2GlmYNHWHMkxDfI6uf7Cfg?auto=format&w=384"
            />
            <div
              className="views"
            >
              <span
                data-testid="navigate"
                onClick={[Function]}
              >
                View
              </span>
            </div>
          </div>
          <div
            className="card_body"
          >
            <h1>
              The Hundreds Official Adam Bomb Squad NFT Collectibles 2
            </h1>
            <div
              className="left-right"
            >
              <p>
                by 
                Adam Bomb Squad
                 
              </p>
              <p>
                USD $
                3.002
              </p>
            </div>
          </div>
        </div>
        <div
          className="main-card"
          data-testid="card"
        >
          <div
            className="card_header"
          >
            <img
              alt="weather"
              src="https://i.seadn.io/gae/zuzNXmJV5QvG--z1LYyyd7G9lYBN18wemzgUEbVAMhH8269bPEHBsI0z3wUngsHmDYWdJQH2JsbKP-tVybZAwjc_upmlqePwc1w3Ng?auto=format&w=384"
            />
            <div
              className="views"
            >
              <span
                data-testid="navigate"
                onClick={[Function]}
              >
                View
              </span>
            </div>
          </div>
          <div
            className="card_body"
          >
            <h1>
              The Hundreds Official Adam Bomb Squad NFT Collectibles 3
            </h1>
            <div
              className="left-right"
            >
              <p>
                by 
                Adam Bomb Squad
                 
              </p>
              <p>
                USD $
                2.002
              </p>
            </div>
          </div>
        </div>
        <div
          className="main-card"
          data-testid="card"
        >
          <div
            className="card_header"
          >
            <img
              alt="weather"
              src="https://lh3.googleusercontent.com/_-2AG1-bHA1RgCSOZu7_wl2WX9LdD0dQk1kaxug56ZP5V_pKTeVUfXO_NPZtDtB6LLloQ84MmBQUsHStEMyVVpWQ5YGxQ_ssy6r5Sg=s250"
            />
            <div
              className="views"
            >
              <span
                data-testid="navigate"
                onClick={[Function]}
              >
                View
              </span>
            </div>
          </div>
          <div
            className="card_body"
          >
            <h1>
              The Hundreds Official Adam Bomb Squad NFT Collectibles
            </h1>
            <div
              className="left-right"
            >
              <p>
                by 
                Adam Bomb Squad
                 
              </p>
              <p>
                USD $
                1.002
              </p>
            </div>
          </div>
        </div>
        <div
          className="main-card"
          data-testid="card"
        >
          <div
            className="card_header"
          >
            <img
              alt="weather"
              src="https://i.seadn.io/gae/EdOCwOuKL1kIDZ_RbgGInrobNZn1uou7esXfaefbtxJfttG5yK-T3ujhIyyk8AAWGh1Pbfg82-WJQXoX2GlmYNHWHMkxDfI6uf7Cfg?auto=format&w=384"
            />
            <div
              className="views"
            >
              <span
                data-testid="navigate"
                onClick={[Function]}
              >
                View
              </span>
            </div>
          </div>
          <div
            className="card_body"
          >
            <h1>
              The Hundreds Official Adam Bomb Squad NFT Collectibles 2
            </h1>
            <div
              className="left-right"
            >
              <p>
                by 
                Adam Bomb Squad
                 
              </p>
              <p>
                USD $
                3.002
              </p>
            </div>
          </div>
        </div>
        <div
          className="main-card"
          data-testid="card"
        >
          <div
            className="card_header"
          >
            <img
              alt="weather"
              src="https://i.seadn.io/gae/zuzNXmJV5QvG--z1LYyyd7G9lYBN18wemzgUEbVAMhH8269bPEHBsI0z3wUngsHmDYWdJQH2JsbKP-tVybZAwjc_upmlqePwc1w3Ng?auto=format&w=384"
            />
            <div
              className="views"
            >
              <span
                data-testid="navigate"
                onClick={[Function]}
              >
                View
              </span>
            </div>
          </div>
          <div
            className="card_body"
          >
            <h1>
              The Hundreds Official Adam Bomb Squad NFT Collectibles 3
            </h1>
            <div
              className="left-right"
            >
              <p>
                by 
                Adam Bomb Squad
                 
              </p>
              <p>
                USD $
                2.002
              </p>
            </div>
          </div>
        </div>
      </div>
    </div>
  </div>
</div>
`;
